<html>
<body>
<pre>
<h1>╡Vision Build Log</h1>
<h2>Tool Versions:</h2>
IDE-Version: ╡Vision V5.20.0.0
Copyright (C) 2016 ARM Ltd and ARM Germany GmbH. All rights reserved.
License Information: 1 1, 1, LIC=8MZ8T-R0QAU-JM298-3M9AM-DVAY6-YA1QJ
 
Tool Versions:
Toolchain:       MDK-ARM Professional  Version: 5.20
Toolchain Path:  C:\Keil_v520\ARM\ARMCC\Bin
C Compiler:      Armcc.exe V5.06 update 2 (build 183)
Assembler:       Armasm.exe V5.06 update 2 (build 183)
Linker/Locator:  ArmLink.exe V5.06 update 2 (build 183)
Library Manager: ArmAr.exe V5.06 update 2 (build 183)
Hex Converter:   FromElf.exe V5.06 update 2 (build 183)
CPU DLL:         SARMCM3.DLL V5.20
Dialog DLL:      DARMCM1.DLL V1.14.0.0
Target DLL:      STLink\ST-LINKIII-KEIL_SWO.dll V2.0.18.0
Dialog DLL:      TARMCM1.DLL V1.10.0.0
 
<h2>Project:</h2>
H:\!STM32\Work\Postirayka\Interface_CAN_I2C\!\F042F4_CAN_I2C_Resiver\MDK-ARM\F042F4_CAN_I2C.uvprojx
Project File Date:  05/12/2016

<h2>Output:</h2>
*** Using Compiler 'V5.06 update 2 (build 183)', folder: 'C:\Keil_v520\ARM\ARMCC\Bin'
Rebuild target 'F042F4_CAN_I2C'
assembling startup_stm32f042x6.s...
compiling system_stm32f0xx.c...
compiling main.c...
compiling stm32f0xx_it.c...
compiling stm32f0xx_hal_msp.c...
compiling stm32f0xx_hal_cortex.c...
compiling stm32f0xx_hal_tim_ex.c...
compiling stm32f0xx_hal_rcc.c...
compiling stm32f0xx_hal_rcc_ex.c...
compiling stm32f0xx_hal_i2c_ex.c...
compiling stm32f0xx_hal_i2c.c...
compiling stm32f0xx_hal_dma.c...
compiling stm32f0xx_hal_flash.c...
compiling stm32f0xx_hal_pwr_ex.c...
compiling stm32f0xx_hal_gpio.c...
compiling stm32f0xx_hal.c...
compiling stm32f0xx_hal_pwr.c...
compiling stm32f0xx_hal_tim.c...
compiling stm32f0xx_hal_flash_ex.c...
compiling stm32f0xx_hal_can.c...
linking...
Program Size: Code=7120 RO-data=240 RW-data=40 ZI-data=1168  
After Build - User command #1: C:\keilkill.bat
H:\!STM32\Work\Postirayka\Interface_CAN_I2C\!\F042F4_CAN_I2C_Resiver\MDK-ARM>REM	uncomment line for delete browser information del *.crf /s 
H:\!STM32\Work\Postirayka\Interface_CAN_I2C\!\F042F4_CAN_I2C_Resiver\MDK-ARM>REM del *.crf /s 
H:\!STM32\Work\Postirayka\Interface_CAN_I2C\!\F042F4_CAN_I2C_Resiver\MDK-ARM>del *.o /s 
Удален файл - H:\!STM32\Work\Postirayka\Interface_CAN_I2C\!\F042F4_CAN_I2C_Resiver\MDK-ARM\F042F4_CAN_I2C\main.o
Удален файл - H:\!STM32\Work\Postirayka\Interface_CAN_I2C\!\F042F4_CAN_I2C_Resiver\MDK-ARM\F042F4_CAN_I2C\startup_stm32f042x6.o
Удален файл - H:\!STM32\Work\Postirayka\Interface_CAN_I2C\!\F042F4_CAN_I2C_Resiver\MDK-ARM\F042F4_CAN_I2C\stm32f0xx_hal.o
Удален файл - H:\!STM32\Work\Postirayka\Interface_CAN_I2C\!\F042F4_CAN_I2C_Resiver\MDK-ARM\F042F4_CAN_I2C\stm32f0xx_hal_can.o
Удален файл - H:\!STM32\Work\Postirayka\Interface_CAN_I2C\!\F042F4_CAN_I2C_Resiver\MDK-ARM\F042F4_CAN_I2C\stm32f0xx_hal_cortex.o
Удален файл - H:\!STM32\Work\Postirayka\Interface_CAN_I2C\!\F042F4_CAN_I2C_Resiver\MDK-ARM\F042F4_CAN_I2C\stm32f0xx_hal_dma.o
Удален файл - H:\!STM32\Work\Postirayka\Interface_CAN_I2C\!\F042F4_CAN_I2C_Resiver\MDK-ARM\F042F4_CAN_I2C\stm32f0xx_hal_flash.o
Удален файл - H:\!STM32\Work\Postirayka\Interface_CAN_I2C\!\F042F4_CAN_I2C_Resiver\MDK-ARM\F042F4_CAN_I2C\stm32f0xx_hal_flash_ex.o
Удален файл - H:\!STM32\Work\Postirayka\Interface_CAN_I2C\!\F042F4_CAN_I2C_Resiver\MDK-ARM\F042F4_CAN_I2C\stm32f0xx_hal_gpio.o
Удален файл - H:\!STM32\Work\Postirayka\Interface_CAN_I2C\!\F042F4_CAN_I2C_Resiver\MDK-ARM\F042F4_CAN_I2C\stm32f0xx_hal_i2c.o
Удален файл - H:\!STM32\Work\Postirayka\Interface_CAN_I2C\!\F042F4_CAN_I2C_Resiver\MDK-ARM\F042F4_CAN_I2C\stm32f0xx_hal_i2c_ex.o
Удален файл - H:\!STM32\Work\Postirayka\Interface_CAN_I2C\!\F042F4_CAN_I2C_Resiver\MDK-ARM\F042F4_CAN_I2C\stm32f0xx_hal_msp.o
Удален файл - H:\!STM32\Work\Postirayka\Interface_CAN_I2C\!\F042F4_CAN_I2C_Resiver\MDK-ARM\F042F4_CAN_I2C\stm32f0xx_hal_pwr.o
Удален файл - H:\!STM32\Work\Postirayka\Interface_CAN_I2C\!\F042F4_CAN_I2C_Resiver\MDK-ARM\F042F4_CAN_I2C\stm32f0xx_hal_pwr_ex.o
Удален файл - H:\!STM32\Work\Postirayka\Interface_CAN_I2C\!\F042F4_CAN_I2C_Resiver\MDK-ARM\F042F4_CAN_I2C\stm32f0xx_hal_rcc.o
Удален файл - H:\!STM32\Work\Postirayka\Interface_CAN_I2C\!\F042F4_CAN_I2C_Resiver\MDK-ARM\F042F4_CAN_I2C\stm32f0xx_hal_rcc_ex.o
Удален файл - H:\!STM32\Work\Postirayka\Interface_CAN_I2C\!\F042F4_CAN_I2C_Resiver\MDK-ARM\F042F4_CAN_I2C\stm32f0xx_hal_tim.o
Удален файл - H:\!STM32\Work\Postirayka\Interface_CAN_I2C\!\F042F4_CAN_I2C_Resiver\MDK-ARM\F042F4_CAN_I2C\stm32f0xx_hal_tim_ex.o
Удален файл - H:\!STM32\Work\Postirayka\Interface_CAN_I2C\!\F042F4_CAN_I2C_Resiver\MDK-ARM\F042F4_CAN_I2C\stm32f0xx_hal_uart.o
Удален файл - H:\!STM32\Work\Postirayka\Interface_CAN_I2C\!\F042F4_CAN_I2C_Resiver\MDK-ARM\F042F4_CAN_I2C\stm32f0xx_hal_uart_ex.o
Удален файл - H:\!STM32\Work\Postirayka\Interface_CAN_I2C\!\F042F4_CAN_I2C_Resiver\MDK-ARM\F042F4_CAN_I2C\stm32f0xx_it.o
Удален файл - H:\!STM32\Work\Postirayka\Interface_CAN_I2C\!\F042F4_CAN_I2C_Resiver\MDK-ARM\F042F4_CAN_I2C\system_stm32f0xx.o
H:\!STM32\Work\Postirayka\Interface_CAN_I2C\!\F042F4_CAN_I2C_Resiver\MDK-ARM>del *.d /s 
Удален файл - H:\!STM32\Work\Postirayka\Interface_CAN_I2C\!\F042F4_CAN_I2C_Resiver\MDK-ARM\F042F4_CAN_I2C\main.d
Удален файл - H:\!STM32\Work\Postirayka\Interface_CAN_I2C\!\F042F4_CAN_I2C_Resiver\MDK-ARM\F042F4_CAN_I2C\startup_stm32f042x6.d
Удален файл - H:\!STM32\Work\Postirayka\Interface_CAN_I2C\!\F042F4_CAN_I2C_Resiver\MDK-ARM\F042F4_CAN_I2C\stm32f0xx_hal.d
Удален файл - H:\!STM32\Work\Postirayka\Interface_CAN_I2C\!\F042F4_CAN_I2C_Resiver\MDK-ARM\F042F4_CAN_I2C\stm32f0xx_hal_can.d
Удален файл - H:\!STM32\Work\Postirayka\Interface_CAN_I2C\!\F042F4_CAN_I2C_Resiver\MDK-ARM\F042F4_CAN_I2C\stm32f0xx_hal_cortex.d
Удален файл - H:\!STM32\Work\Postirayka\Interface_CAN_I2C\!\F042F4_CAN_I2C_Resiver\MDK-ARM\F042F4_CAN_I2C\stm32f0xx_hal_dma.d
Удален файл - H:\!STM32\Work\Postirayka\Interface_CAN_I2C\!\F042F4_CAN_I2C_Resiver\MDK-ARM\F042F4_CAN_I2C\stm32f0xx_hal_flash.d
Удален файл - H:\!STM32\Work\Postirayka\Interface_CAN_I2C\!\F042F4_CAN_I2C_Resiver\MDK-ARM\F042F4_CAN_I2C\stm32f0xx_hal_flash_ex.d
Удален файл - H:\!STM32\Work\Postirayka\Interface_CAN_I2C\!\F042F4_CAN_I2C_Resiver\MDK-ARM\F042F4_CAN_I2C\stm32f0xx_hal_gpio.d
Удален файл - H:\!STM32\Work\Postirayka\Interface_CAN_I2C\!\F042F4_CAN_I2C_Resiver\MDK-ARM\F042F4_CAN_I2C\stm32f0xx_hal_i2c.d
Удален файл - H:\!STM32\Work\Postirayka\Interface_CAN_I2C\!\F042F4_CAN_I2C_Resiver\MDK-ARM\F042F4_CAN_I2C\stm32f0xx_hal_i2c_ex.d
Удален файл - H:\!STM32\Work\Postirayka\Interface_CAN_I2C\!\F042F4_CAN_I2C_Resiver\MDK-ARM\F042F4_CAN_I2C\stm32f0xx_hal_msp.d
Удален файл - H:\!STM32\Work\Postirayka\Interface_CAN_I2C\!\F042F4_CAN_I2C_Resiver\MDK-ARM\F042F4_CAN_I2C\stm32f0xx_hal_pwr.d
Удален файл - H:\!STM32\Work\Postirayka\Interface_CAN_I2C\!\F042F4_CAN_I2C_Resiver\MDK-ARM\F042F4_CAN_I2C\stm32f0xx_hal_pwr_ex.d
Удален файл - H:\!STM32\Work\Postirayka\Interface_CAN_I2C\!\F042F4_CAN_I2C_Resiver\MDK-ARM\F042F4_CAN_I2C\stm32f0xx_hal_rcc.d
Удален файл - H:\!STM32\Work\Postirayka\Interface_CAN_I2C\!\F042F4_CAN_I2C_Resiver\MDK-ARM\F042F4_CAN_I2C\stm32f0xx_hal_rcc_ex.d
Удален файл - H:\!STM32\Work\Postirayka\Interface_CAN_I2C\!\F042F4_CAN_I2C_Resiver\MDK-ARM\F042F4_CAN_I2C\stm32f0xx_hal_tim.d
Удален файл - H:\!STM32\Work\Postirayka\Interface_CAN_I2C\!\F042F4_CAN_I2C_Resiver\MDK-ARM\F042F4_CAN_I2C\stm32f0xx_hal_tim_ex.d
Удален файл - H:\!STM32\Work\Postirayka\Interface_CAN_I2C\!\F042F4_CAN_I2C_Resiver\MDK-ARM\F042F4_CAN_I2C\stm32f0xx_hal_uart.d
Удален файл - H:\!STM32\Work\Postirayka\Interface_CAN_I2C\!\F042F4_CAN_I2C_Resiver\MDK-ARM\F042F4_CAN_I2C\stm32f0xx_hal_uart_ex.d
Удален файл - H:\!STM32\Work\Postirayka\Interface_CAN_I2C\!\F042F4_CAN_I2C_Resiver\MDK-ARM\F042F4_CAN_I2C\stm32f0xx_it.d
Удален файл - H:\!STM32\Work\Postirayka\Interface_CAN_I2C\!\F042F4_CAN_I2C_Resiver\MDK-ARM\F042F4_CAN_I2C\system_stm32f0xx.d
H:\!STM32\Work\Postirayka\Interface_CAN_I2C\!\F042F4_CAN_I2C_Resiver\MDK-ARM>exit
"F042F4_CAN_I2C\F042F4_CAN_I2C.axf" - 0 Error(s), 0 Warning(s).

<h2>Software Packages used:</h2>

Package Vendor: ARM
                http://www.keil.com/pack/ARM.CMSIS.4.5.0.pack
                ARM::CMSIS:CORE:4.3.0
                CMSIS (Cortex Microcontroller Software Interface Standard)
   * Component: CORE Version: 4.3.0

<h2>Collection of Component include folders:</h2>
  H:\!STM32\Work\Postirayka\Interface_CAN_I2C\!\F042F4_CAN_I2C_Resiver\MDK-ARM\RTE
  C:\Keil_v520\ARM\PACK\ARM\CMSIS\4.5.0\CMSIS\Include
  C:\Keil_v520\ARM\PACK\Keil\STM32F0xx_DFP\1.5.0\Device\Include

<h2>Collection of Component Files used:</h2>

   * Component: ARM::CMSIS:CORE:4.3.0
Build Time Elapsed:  00:00:06
</pre>
</body>
</html>
